exports[`createChoice mutation result add choice to page choices 1`] = `
Object {
  "currentPage": Object {
    "choices": Array [
      Object {
        "id": "SOME_CHOICE_ID",
        "text": "choice text",
      },
    ],
    "id": "SOME_PAGE_ID",
  },
}
`;

exports[`createPage mutation result set page id 1`] = `
Object {
  "currentPage": Object {
    "id": "SOME_ID",
  },
}
`;
