exports[`getCurrentCrossroad should return current crossroad 1`] = `
Object {
  "__typename": "Crossroad",
  "choices": Object {
    "__typename": "ChoiceConnection",
    "edges": Array [],
  },
  "createdAt": "2017-03-07T11:37:25.000Z",
  "id": "Q3Jvc3Nyb2FkOjIx",
  "isReady": false,
  "testDices": Object {
    "__typename": "TestDiceConnection",
    "edges": Array [],
  },
  "text": Object {
    "blocks": Array [
      Object {
        "data": Object {},
        "depth": 0,
        "entityRanges": Array [],
        "inlineStyleRanges": Array [],
        "key": "8ussa",
        "text": "fsdfsfsdfsfd",
        "type": "unstyled",
      },
    ],
    "entityMap": Object {},
  },
}
`;

exports[`getCurrentCrossroad should return null on loading 1`] = `null`;
