exports[`test renders correctly 1`] = `
<div
  className="panel panel-default"
  id={undefined}>
  <div
    className="panel-heading">
    Add a Test
  </div>
  <div
    className="panel-body">
    <div
      className="checkbox"
      style={undefined}>
      <label>
        <input
          checked={false}
          disabled={false}
          onChange={[Function]}
          type="checkbox" />
        The story teller rolls the dice!
      </label>
    </div>
    <div
      className="form-group">
      <label
        className="control-label"
        htmlFor="nbDices">
        Number of dices
      </label>
      <input
        className="form-control"
        id="nbDices"
        onChange={[Function]}
        type="number"
        value={1} />
    </div>
    <div
      className="form-group">
      <label
        className="control-label"
        htmlFor="nbSides">
        Number of sides
      </label>
      <input
        className="form-control"
        id="nbSides"
        onChange={[Function]}
        type="number"
        value={6} />
    </div>
    <div
      className="form-group">
      <label
        className="control-label"
        htmlFor="modifier">
        modifier
      </label>
      <input
        className="form-control"
        id="modifier"
        onChange={[Function]}
        type="number"
        value={0} />
    </div>
  </div>
</div>
`;
