exports[`test renders dice if dice type 1`] = `
<form>
  <div
    className="checkbox"
    style={undefined}>
    <label>
      <input
        checked=""
        disabled={false}
        name="master"
        onBlur={[Function]}
        onChange={[Function]}
        onDragStart={[Function]}
        onDrop={[Function]}
        onFocus={[Function]}
        type="checkbox"
        value="" />
      The story teller rolls the dice!
    </label>
  </div>
  <div
    className="form-group">
    <label
      className="control-label"
      htmlFor="nbDices">
      Number of dices:
    </label>
    <input
      className="form-control"
      id="nbDices"
      name="nbDices"
      onBlur={[Function]}
      onChange={[Function]}
      onDragStart={[Function]}
      onDrop={[Function]}
      onFocus={[Function]}
      placeholder={undefined}
      type="number"
      value="" />
    <span
      className="help-block" />
  </div>
  <div
    className="form-group">
    <label
      className="control-label"
      htmlFor="nbSides">
      Number of sides:
    </label>
    <input
      className="form-control"
      id="nbSides"
      name="nbSides"
      onBlur={[Function]}
      onChange={[Function]}
      onDragStart={[Function]}
      onDrop={[Function]}
      onFocus={[Function]}
      placeholder={undefined}
      type="number"
      value="" />
    <span
      className="help-block" />
  </div>
  <div
    className="form-group">
    <label
      className="control-label"
      htmlFor="modifier">
      Modifier:
    </label>
    <input
      className="form-control"
      id="modifier"
      name="modifier"
      onBlur={[Function]}
      onChange={[Function]}
      onDragStart={[Function]}
      onDrop={[Function]}
      onFocus={[Function]}
      placeholder={undefined}
      type="number"
      value="" />
    <span
      className="help-block" />
  </div>
</form>
`;
